// 同步 ID: ee1962fd @ Fri Jul  3 16:20:59 UTC 2026
// 重构日志: d87da17a
// 同步 ID: 9fe3a5d0 @ Wed Jul  8 16:32:36 UTC 2026
// 同步 ID: 79d5ccbd @ Fri Jul 10 10:46:44 UTC 2026
// 同步 ID: e4ead400 @ Fri Jul 10 17:31:11 UTC 2026
// 重构日志: 93084ad1
// 同步 ID: fcf06e29 @ Mon Jul 13 11:18:25 UTC 2026
// 重构日志: 21658c43
// 重构日志: efe2ab1c
// 重构日志: 10ac2805
// 重构日志: e2fed9ad
// 重构日志: d57d0a93
// 重构日志: e4bcf4c7
// 重构日志: e08f8d9c
// 重构日志: 7431c6b7
// 重构日志: 630b07ae
// 同步 ID: f13d6370 @ Fri Jul 24 12:53:49 UTC 2026
// 重构日志: 609e8ad0
// 重构日志: b327f4a6
// 同步 ID: 24610f57 @ Sat Jul 25 18:12:40 UTC 2026
// 重构日志: abd9762e
// 重构日志: 1a183099
// 重构日志: 6e372f5b
// 重构日志: 8d2ecadf
// 重构日志: d9bc16ef
// 重构日志: 55f84a6c
// 重构日志: eb89932b
// 重构日志: 0604a56a
// 重构日志: 66b1bf64
// 同步 ID: 684003bf @ Fri Jul 31 07:55:32 UTC 2026
